CRITICAL - 2026-04-29 08:44:19 --> Error: Undefined constant "CodeIgniter\Database\MySQLi\MYSQLI_STORE_RESULT"
[Method: POST, Route: login]
in SYSTEMPATH/Database/Database.php on line 147.
 1 SYSTEMPATH/Database/Database.php(61): CodeIgniter\Database\Database->initDriver()
 2 SYSTEMPATH/Database/Config.php(82): CodeIgniter\Database\Database->load()
 3 SYSTEMPATH/Model.php(150): CodeIgniter\Database\Config::connect()
 4 APPPATH/Controllers/Auth.php(27): CodeIgniter\Model->__construct()
 5 SYSTEMPATH/CodeIgniter.php(951): App\Controllers\Auth->attempt()
 6 SYSTEMPATH/CodeIgniter.php(497): CodeIgniter\CodeIgniter->runController()
 7 SYSTEMPATH/CodeIgniter.php(340): CodeIgniter\CodeIgniter->handleRequest()
 8 SYSTEMPATH/Boot.php(417): CodeIgniter\CodeIgniter->run()
 9 SYSTEMPATH/Boot.php(68): CodeIgniter\Boot::runCodeIgniter()
10 FCPATH/index.php(59): CodeIgniter\Boot::bootWeb()
CRITICAL - 2026-04-29 08:50:30 --> Error: Undefined constant "CodeIgniter\Database\MySQLi\MYSQLI_STORE_RESULT"
[Method: POST, Route: login]
in SYSTEMPATH/Database/Database.php on line 147.
 1 SYSTEMPATH/Database/Database.php(61): CodeIgniter\Database\Database->initDriver()
 2 SYSTEMPATH/Database/Config.php(82): CodeIgniter\Database\Database->load()
 3 SYSTEMPATH/Model.php(150): CodeIgniter\Database\Config::connect()
 4 APPPATH/Controllers/Auth.php(27): CodeIgniter\Model->__construct()
 5 SYSTEMPATH/CodeIgniter.php(951): App\Controllers\Auth->attempt()
 6 SYSTEMPATH/CodeIgniter.php(497): CodeIgniter\CodeIgniter->runController()
 7 SYSTEMPATH/CodeIgniter.php(340): CodeIgniter\CodeIgniter->handleRequest()
 8 SYSTEMPATH/Boot.php(417): CodeIgniter\CodeIgniter->run()
 9 SYSTEMPATH/Boot.php(68): CodeIgniter\Boot::runCodeIgniter()
10 FCPATH/index.php(59): CodeIgniter\Boot::bootWeb()
ERROR - 2026-04-29 08:54:00 --> Error connecting to the database: mysqli_sql_exception: Access denied for user ''@'localhost' (using password: NO) in /home/tsiky/Documents/Projet S4/Si/matiere/matiere/Design-template/system/Database/MySQLi/Connection.php:201
Stack trace:
#0 /home/tsiky/Documents/Projet S4/Si/matiere/matiere/Design-template/system/Database/MySQLi/Connection.php(201): mysqli->real_connect()
#1 /home/tsiky/Documents/Projet S4/Si/matiere/matiere/Design-template/system/Database/BaseConnection.php(555): CodeIgniter\Database\MySQLi\Connection->connect()
#2 /home/tsiky/Documents/Projet S4/Si/matiere/matiere/Design-template/system/Database/BaseConnection.php(795): CodeIgniter\Database\BaseConnection->initialize()
#3 /home/tsiky/Documents/Projet S4/Si/matiere/matiere/Design-template/system/Database/BaseBuilder.php(1649): CodeIgniter\Database\BaseConnection->query()
#4 /home/tsiky/Documents/Projet S4/Si/matiere/matiere/Design-template/system/Model.php(295): CodeIgniter\Database\BaseBuilder->get()
#5 /home/tsiky/Documents/Projet S4/Si/matiere/matiere/Design-template/system/BaseModel.php(714): CodeIgniter\Model->doFirst()
#6 /home/tsiky/Documents/Projet S4/Si/matiere/matiere/Design-template/app/Controllers/Auth.php(28): CodeIgniter\BaseModel->first()
#7 /home/tsiky/Documents/Projet S4/Si/matiere/matiere/Design-template/system/CodeIgniter.php(951): App\Controllers\Auth->attempt()
#8 /home/tsiky/Documents/Projet S4/Si/matiere/matiere/Design-template/system/CodeIgniter.php(497): CodeIgniter\CodeIgniter->runController()
#9 /home/tsiky/Documents/Projet S4/Si/matiere/matiere/Design-template/system/CodeIgniter.php(340): CodeIgniter\CodeIgniter->handleRequest()
#10 /home/tsiky/Documents/Projet S4/Si/matiere/matiere/Design-template/system/Boot.php(417): CodeIgniter\CodeIgniter->run()
#11 /home/tsiky/Documents/Projet S4/Si/matiere/matiere/Design-template/system/Boot.php(68): CodeIgniter\Boot::runCodeIgniter()
#12 /home/tsiky/Documents/Projet S4/Si/matiere/matiere/Design-template/public/index.php(59): CodeIgniter\Boot::bootWeb()
#13 {main}

Next CodeIgniter\Database\Exceptions\DatabaseException: Access denied for user ''@'localhost' (using password: NO) in /home/tsiky/Documents/Projet S4/Si/matiere/matiere/Design-template/system/Database/MySQLi/Connection.php:231
Stack trace:
#0 /home/tsiky/Documents/Projet S4/Si/matiere/matiere/Design-template/system/Database/BaseConnection.php(555): CodeIgniter\Database\MySQLi\Connection->connect()
#1 /home/tsiky/Documents/Projet S4/Si/matiere/matiere/Design-template/system/Database/BaseConnection.php(795): CodeIgniter\Database\BaseConnection->initialize()
#2 /home/tsiky/Documents/Projet S4/Si/matiere/matiere/Design-template/system/Database/BaseBuilder.php(1649): CodeIgniter\Database\BaseConnection->query()
#3 /home/tsiky/Documents/Projet S4/Si/matiere/matiere/Design-template/system/Model.php(295): CodeIgniter\Database\BaseBuilder->get()
#4 /home/tsiky/Documents/Projet S4/Si/matiere/matiere/Design-template/system/BaseModel.php(714): CodeIgniter\Model->doFirst()
#5 /home/tsiky/Documents/Projet S4/Si/matiere/matiere/Design-template/app/Controllers/Auth.php(28): CodeIgniter\BaseModel->first()
#6 /home/tsiky/Documents/Projet S4/Si/matiere/matiere/Design-template/system/CodeIgniter.php(951): App\Controllers\Auth->attempt()
#7 /home/tsiky/Documents/Projet S4/Si/matiere/matiere/Design-template/system/CodeIgniter.php(497): CodeIgniter\CodeIgniter->runController()
#8 /home/tsiky/Documents/Projet S4/Si/matiere/matiere/Design-template/system/CodeIgniter.php(340): CodeIgniter\CodeIgniter->handleRequest()
#9 /home/tsiky/Documents/Projet S4/Si/matiere/matiere/Design-template/system/Boot.php(417): CodeIgniter\CodeIgniter->run()
#10 /home/tsiky/Documents/Projet S4/Si/matiere/matiere/Design-template/system/Boot.php(68): CodeIgniter\Boot::runCodeIgniter()
#11 /home/tsiky/Documents/Projet S4/Si/matiere/matiere/Design-template/public/index.php(59): CodeIgniter\Boot::bootWeb()
#12 {main}
CRITICAL - 2026-04-29 08:54:00 --> CodeIgniter\Database\Exceptions\DatabaseException: Unable to connect to the database.
Main connection [MySQLi]: Access denied for user ''@'localhost' (using password: NO)
[Method: POST, Route: login]
in SYSTEMPATH/Database/BaseConnection.php on line 606.
 1 SYSTEMPATH/Database/BaseConnection.php(795): CodeIgniter\Database\BaseConnection->initialize()
 2 SYSTEMPATH/Database/BaseBuilder.php(1649): CodeIgniter\Database\BaseConnection->query()
 3 SYSTEMPATH/Model.php(295): CodeIgniter\Database\BaseBuilder->get()
 4 SYSTEMPATH/BaseModel.php(714): CodeIgniter\Model->doFirst()
 5 APPPATH/Controllers/Auth.php(28): CodeIgniter\BaseModel->first()
 6 SYSTEMPATH/CodeIgniter.php(951): App\Controllers\Auth->attempt()
 7 SYSTEMPATH/CodeIgniter.php(497): CodeIgniter\CodeIgniter->runController()
 8 SYSTEMPATH/CodeIgniter.php(340): CodeIgniter\CodeIgniter->handleRequest()
 9 SYSTEMPATH/Boot.php(417): CodeIgniter\CodeIgniter->run()
10 SYSTEMPATH/Boot.php(68): CodeIgniter\Boot::runCodeIgniter()
11 FCPATH/index.php(59): CodeIgniter\Boot::bootWeb()
ERROR - 2026-04-29 08:55:45 --> Error connecting to the database: mysqli_sql_exception: Access denied for user ''@'localhost' (using password: NO) in /home/tsiky/Documents/Projet S4/Si/matiere/matiere/Design-template/system/Database/MySQLi/Connection.php:201
Stack trace:
#0 /home/tsiky/Documents/Projet S4/Si/matiere/matiere/Design-template/system/Database/MySQLi/Connection.php(201): mysqli->real_connect()
#1 /home/tsiky/Documents/Projet S4/Si/matiere/matiere/Design-template/system/Database/BaseConnection.php(555): CodeIgniter\Database\MySQLi\Connection->connect()
#2 /home/tsiky/Documents/Projet S4/Si/matiere/matiere/Design-template/system/Database/BaseConnection.php(795): CodeIgniter\Database\BaseConnection->initialize()
#3 /home/tsiky/Documents/Projet S4/Si/matiere/matiere/Design-template/system/Database/BaseBuilder.php(1649): CodeIgniter\Database\BaseConnection->query()
#4 /home/tsiky/Documents/Projet S4/Si/matiere/matiere/Design-template/system/Model.php(295): CodeIgniter\Database\BaseBuilder->get()
#5 /home/tsiky/Documents/Projet S4/Si/matiere/matiere/Design-template/system/BaseModel.php(714): CodeIgniter\Model->doFirst()
#6 /home/tsiky/Documents/Projet S4/Si/matiere/matiere/Design-template/app/Controllers/Auth.php(28): CodeIgniter\BaseModel->first()
#7 /home/tsiky/Documents/Projet S4/Si/matiere/matiere/Design-template/system/CodeIgniter.php(951): App\Controllers\Auth->attempt()
#8 /home/tsiky/Documents/Projet S4/Si/matiere/matiere/Design-template/system/CodeIgniter.php(497): CodeIgniter\CodeIgniter->runController()
#9 /home/tsiky/Documents/Projet S4/Si/matiere/matiere/Design-template/system/CodeIgniter.php(340): CodeIgniter\CodeIgniter->handleRequest()
#10 /home/tsiky/Documents/Projet S4/Si/matiere/matiere/Design-template/system/Boot.php(417): CodeIgniter\CodeIgniter->run()
#11 /home/tsiky/Documents/Projet S4/Si/matiere/matiere/Design-template/system/Boot.php(68): CodeIgniter\Boot::runCodeIgniter()
#12 /home/tsiky/Documents/Projet S4/Si/matiere/matiere/Design-template/public/index.php(59): CodeIgniter\Boot::bootWeb()
#13 {main}

Next CodeIgniter\Database\Exceptions\DatabaseException: Access denied for user ''@'localhost' (using password: NO) in /home/tsiky/Documents/Projet S4/Si/matiere/matiere/Design-template/system/Database/MySQLi/Connection.php:231
Stack trace:
#0 /home/tsiky/Documents/Projet S4/Si/matiere/matiere/Design-template/system/Database/BaseConnection.php(555): CodeIgniter\Database\MySQLi\Connection->connect()
#1 /home/tsiky/Documents/Projet S4/Si/matiere/matiere/Design-template/system/Database/BaseConnection.php(795): CodeIgniter\Database\BaseConnection->initialize()
#2 /home/tsiky/Documents/Projet S4/Si/matiere/matiere/Design-template/system/Database/BaseBuilder.php(1649): CodeIgniter\Database\BaseConnection->query()
#3 /home/tsiky/Documents/Projet S4/Si/matiere/matiere/Design-template/system/Model.php(295): CodeIgniter\Database\BaseBuilder->get()
#4 /home/tsiky/Documents/Projet S4/Si/matiere/matiere/Design-template/system/BaseModel.php(714): CodeIgniter\Model->doFirst()
#5 /home/tsiky/Documents/Projet S4/Si/matiere/matiere/Design-template/app/Controllers/Auth.php(28): CodeIgniter\BaseModel->first()
#6 /home/tsiky/Documents/Projet S4/Si/matiere/matiere/Design-template/system/CodeIgniter.php(951): App\Controllers\Auth->attempt()
#7 /home/tsiky/Documents/Projet S4/Si/matiere/matiere/Design-template/system/CodeIgniter.php(497): CodeIgniter\CodeIgniter->runController()
#8 /home/tsiky/Documents/Projet S4/Si/matiere/matiere/Design-template/system/CodeIgniter.php(340): CodeIgniter\CodeIgniter->handleRequest()
#9 /home/tsiky/Documents/Projet S4/Si/matiere/matiere/Design-template/system/Boot.php(417): CodeIgniter\CodeIgniter->run()
#10 /home/tsiky/Documents/Projet S4/Si/matiere/matiere/Design-template/system/Boot.php(68): CodeIgniter\Boot::runCodeIgniter()
#11 /home/tsiky/Documents/Projet S4/Si/matiere/matiere/Design-template/public/index.php(59): CodeIgniter\Boot::bootWeb()
#12 {main}
CRITICAL - 2026-04-29 08:55:45 --> CodeIgniter\Database\Exceptions\DatabaseException: Unable to connect to the database.
Main connection [MySQLi]: Access denied for user ''@'localhost' (using password: NO)
[Method: POST, Route: login]
in SYSTEMPATH/Database/BaseConnection.php on line 606.
 1 SYSTEMPATH/Database/BaseConnection.php(795): CodeIgniter\Database\BaseConnection->initialize()
 2 SYSTEMPATH/Database/BaseBuilder.php(1649): CodeIgniter\Database\BaseConnection->query()
 3 SYSTEMPATH/Model.php(295): CodeIgniter\Database\BaseBuilder->get()
 4 SYSTEMPATH/BaseModel.php(714): CodeIgniter\Model->doFirst()
 5 APPPATH/Controllers/Auth.php(28): CodeIgniter\BaseModel->first()
 6 SYSTEMPATH/CodeIgniter.php(951): App\Controllers\Auth->attempt()
 7 SYSTEMPATH/CodeIgniter.php(497): CodeIgniter\CodeIgniter->runController()
 8 SYSTEMPATH/CodeIgniter.php(340): CodeIgniter\CodeIgniter->handleRequest()
 9 SYSTEMPATH/Boot.php(417): CodeIgniter\CodeIgniter->run()
10 SYSTEMPATH/Boot.php(68): CodeIgniter\Boot::runCodeIgniter()
11 FCPATH/index.php(59): CodeIgniter\Boot::bootWeb()
